// Jest Snapshot v1, https://goo.gl/fbAQLP

exports[`renders the ToolBar Component correctly 1`] = `
<div
  className="sc-hMqMXs bEgBjy"
>
  <div
    className="sc-kEYyzF gKEaxE"
  >
    <i
      className="material-icons  sc-kkGfuU dTTrWf"
      color="white"
      onClick={[Function]}
      scale="xl"
    >
      dashboard
    </i>
    <span
      className="sc-gPEVay dfReTV"
      color="white"
      onClick={[Function]}
      scale="l"
    >
      Massiv App
    </span>
  </div>
  <div
    className="sc-kEYyzF gKEaxE"
  >
    <div>
      <i
        className="material-icons  sc-kkGfuU etzbOe"
        color="white"
        onClick={[Function]}
        scale="l"
      >
        search
      </i>
      <i
        className="material-icons  sc-kkGfuU etzbOe"
        color="white"
        onClick={[Function]}
        scale="l"
      >
        settings
      </i>
      <i
        className="material-icons  sc-kkGfuU etzbOe"
        color="white"
        onClick={[Function]}
        scale="l"
      >
        keyboard_arrow_down
      </i>
    </div>
  </div>
</div>
`;
